19:03:14 **** Incremental Build of configuration Debug for project 15_InputInterrupt ****
make -j8 all 
arm-none-eabi-gcc "../Src/main.c" -mcpu=cortex-m3 -std=gnu11 -g3 -DDEBUG -DSTM32 -DSTM32F1 -DSTM32F103C8Tx -DSTM32F103xB -c -I../Inc -I"C:/Users/ACER/Documents/GitHub/STM32-BareMetal/chip_headers/CMSIS/Device/ST/STM32F1xx/Include" -I"C:/Users/ACER/Documents/GitHub/STM32-BareMetal/chip_headers/CMSIS/Include" -O0 -ffunction-sections -fdata-sections -Wall -fstack-usage -fcyclomatic-complexity -MMD -MP -MF"Src/main.d" -MT"Src/main.o" --specs=nano.specs -mfloat-abi=soft -mthumb -o "Src/main.o"
arm-none-eabi-gcc -o "15_InputInterrupt.elf" @"objects.list"   -mcpu=cortex-m3 -T"C:\Users\ACER\Documents\GitHub\STM32-BareMetal\15_InputInterrupt\STM32F103C8TX_FLASH.ld" --specs=nosys.specs -Wl,-Map="15_InputInterrupt.map" -Wl,--gc-sections -static --specs=nano.specs -mfloat-abi=soft -mthumb -Wl,--start-group -lc -lm -Wl,--end-group
Finished building target: 15_InputInterrupt.elf
 
arm-none-eabi-size  15_InputInterrupt.elf 
arm-none-eabi-objdump -h -S 15_InputInterrupt.elf  > "15_InputInterrupt.list"
arm-none-eabi-objcopy  -O ihex 15_InputInterrupt.elf  "15_InputInterrupt.hex"
   text	   data	    bss	    dec	    hex	filename
   5204	    100	   1900	   7204	   1c24	15_InputInterrupt.elf
Finished building: default.size.stdout
 
Finished building: 15_InputInterrupt.hex
Finished building: 15_InputInterrupt.list
 
 

19:03:15 Build Finished. 0 errors, 0 warnings. (took 563ms)

