21:48:57 **** Incremental Build of configuration Debug for project 17_adc_interrupt ****
make -j8 all 
arm-none-eabi-gcc "../Src/adc.c" -mcpu=cortex-m3 -std=gnu11 -g3 -DDEBUG -DSTM32 -DSTM32F1 -DSTM32F103C8Tx -DSTM32F103xB -c -I../Inc -I"C:/Users/ACER/Documents/GitHub/STM32-BareMetal/chip_headers/CMSIS/Device/ST/STM32F1xx/Include" -I"C:/Users/ACER/Documents/GitHub/STM32-BareMetal/chip_headers/CMSIS/Include" -O0 -ffunction-sections -fdata-sections -Wall -fstack-usage -fcyclomatic-complexity -MMD -MP -MF"Src/adc.d" -MT"Src/adc.o" --specs=nano.specs -mfloat-abi=soft -mthumb -o "Src/adc.o"
arm-none-eabi-gcc "../Src/main.c" -mcpu=cortex-m3 -std=gnu11 -g3 -DDEBUG -DSTM32 -DSTM32F1 -DSTM32F103C8Tx -DSTM32F103xB -c -I../Inc -I"C:/Users/ACER/Documents/GitHub/STM32-BareMetal/chip_headers/CMSIS/Device/ST/STM32F1xx/Include" -I"C:/Users/ACER/Documents/GitHub/STM32-BareMetal/chip_headers/CMSIS/Include" -O0 -ffunction-sections -fdata-sections -Wall -fstack-usage -fcyclomatic-complexity -MMD -MP -MF"Src/main.d" -MT"Src/main.o" --specs=nano.specs -mfloat-abi=soft -mthumb -o "Src/main.o"
arm-none-eabi-gcc -o "17_adc_interrupt.elf" @"objects.list"   -mcpu=cortex-m3 -T"C:\Users\ACER\Documents\GitHub\STM32-BareMetal\17_adc_interrupt\STM32F103C8TX_FLASH.ld" --specs=nosys.specs -Wl,-Map="17_adc_interrupt.map" -Wl,--gc-sections -static --specs=nano.specs -mfloat-abi=soft -mthumb -Wl,--start-group -lc -lm -Wl,--end-group
Finished building target: 17_adc_interrupt.elf
 
arm-none-eabi-size  17_adc_interrupt.elf 
arm-none-eabi-objdump -h -S 17_adc_interrupt.elf  > "17_adc_interrupt.list"
arm-none-eabi-objcopy  -O ihex 17_adc_interrupt.elf  "17_adc_interrupt.hex"
   text	   data	    bss	    dec	    hex	filename
    864	      8	   1568	   2440	    988	17_adc_interrupt.elf
Finished building: default.size.stdout
 
Finished building: 17_adc_interrupt.hex
Finished building: 17_adc_interrupt.list
 
 

21:48:58 Build Finished. 0 errors, 0 warnings. (took 768ms)

