00:21:03 **** Incremental Build of configuration Debug for project 1_led_toggle_addr_struct ****
make -j8 all 
arm-none-eabi-gcc "../Src/main.c" -mcpu=cortex-m3 -std=gnu11 -g3 -DDEBUG -DSTM32 -DSTM32F1 -DSTM32F103C8Tx -c -I../Inc -O0 -ffunction-sections -fdata-sections -Wall -fstack-usage -fcyclomatic-complexity -MMD -MP -MF"Src/main.d" -MT"Src/main.o" --specs=nano.specs -mfloat-abi=soft -mthumb -o "Src/main.o"
arm-none-eabi-gcc -o "1_led_toggle_addr_struct.elf" @"objects.list"   -mcpu=cortex-m3 -T"C:\Users\ACER\Documents\GitHub\STM32-BareMetal\1_led_toggle_addr_struct\STM32F103C8TX_FLASH.ld" --specs=nosys.specs -Wl,-Map="1_led_toggle_addr_struct.map" -Wl,--gc-sections -static --specs=nano.specs -mfloat-abi=soft -mthumb -Wl,--start-group -lc -lm -Wl,--end-group
Finished building target: 1_led_toggle_addr_struct.elf
 
arm-none-eabi-size  1_led_toggle_addr_struct.elf 
arm-none-eabi-objdump -h -S 1_led_toggle_addr_struct.elf  > "1_led_toggle_addr_struct.list"
   text	   data	    bss	    dec	    hex	filename
    656	      8	   1568	   2232	    8b8	1_led_toggle_addr_struct.elf
arm-none-eabi-objcopy  -O ihex 1_led_toggle_addr_struct.elf  "1_led_toggle_addr_struct.hex"
Finished building: default.size.stdout
 
Finished building: 1_led_toggle_addr_struct.list
Finished building: 1_led_toggle_addr_struct.hex
 
 

00:21:03 Build Finished. 0 errors, 0 warnings. (took 574ms)

