15:33:58 **** Incremental Build of configuration Debug for project 4_gpio_input ****
make -j8 all 
arm-none-eabi-gcc -mcpu=cortex-m3 -g3 -DDEBUG -c -x assembler-with-cpp -MMD -MP -MF"Startup/startup_stm32f103c8tx.d" -MT"Startup/startup_stm32f103c8tx.o" --specs=nano.specs -mfloat-abi=soft -mthumb -o "Startup/startup_stm32f103c8tx.o" "../Startup/startup_stm32f103c8tx.s"
arm-none-eabi-gcc "../Src/main.c" -mcpu=cortex-m3 -std=gnu11 -g3 -DDEBUG -DSTM32 -DSTM32F1 -DSTM32F103C8Tx -DSTM32F103xB -c -I../Inc -I"C:/Users/ACER/Documents/GitHub/STM32-BareMetal/chip_headers/CMSIS/Device/ST/STM32F1xx/Include" -I"C:/Users/ACER/Documents/GitHub/STM32-BareMetal/chip_headers/CMSIS/Include" -O0 -ffunction-sections -fdata-sections -Wall -fstack-usage -fcyclomatic-complexity -MMD -MP -MF"Src/main.d" -MT"Src/main.o" --specs=nano.specs -mfloat-abi=soft -mthumb -o "Src/main.o"
arm-none-eabi-gcc "../Src/syscalls.c" -mcpu=cortex-m3 -std=gnu11 -g3 -DDEBUG -DSTM32 -DSTM32F1 -DSTM32F103C8Tx -DSTM32F103xB -c -I../Inc -I"C:/Users/ACER/Documents/GitHub/STM32-BareMetal/chip_headers/CMSIS/Device/ST/STM32F1xx/Include" -I"C:/Users/ACER/Documents/GitHub/STM32-BareMetal/chip_headers/CMSIS/Include" -O0 -ffunction-sections -fdata-sections -Wall -fstack-usage -fcyclomatic-complexity -MMD -MP -MF"Src/syscalls.d" -MT"Src/syscalls.o" --specs=nano.specs -mfloat-abi=soft -mthumb -o "Src/syscalls.o"
arm-none-eabi-gcc "../Src/sysmem.c" -mcpu=cortex-m3 -std=gnu11 -g3 -DDEBUG -DSTM32 -DSTM32F1 -DSTM32F103C8Tx -DSTM32F103xB -c -I../Inc -I"C:/Users/ACER/Documents/GitHub/STM32-BareMetal/chip_headers/CMSIS/Device/ST/STM32F1xx/Include" -I"C:/Users/ACER/Documents/GitHub/STM32-BareMetal/chip_headers/CMSIS/Include" -O0 -ffunction-sections -fdata-sections -Wall -fstack-usage -fcyclomatic-complexity -MMD -MP -MF"Src/sysmem.d" -MT"Src/sysmem.o" --specs=nano.specs -mfloat-abi=soft -mthumb -o "Src/sysmem.o"
arm-none-eabi-gcc -o "4_gpio_input.elf" @"objects.list"   -mcpu=cortex-m3 -T"C:\Users\ACER\Documents\GitHub\STM32-BareMetal\4_gpio_input\STM32F103C8TX_FLASH.ld" --specs=nosys.specs -Wl,-Map="4_gpio_input.map" -Wl,--gc-sections -static --specs=nano.specs -mfloat-abi=soft -mthumb -Wl,--start-group -lc -lm -Wl,--end-group
Finished building target: 4_gpio_input.elf
 
arm-none-eabi-size  4_gpio_input.elf 
arm-none-eabi-objdump -h -S 4_gpio_input.elf  > "4_gpio_input.list"
   text	   data	    bss	    dec	    hex	filename
    712	      8	   1568	   2288	    8f0	4_gpio_input.elf
arm-none-eabi-objcopy  -O ihex 4_gpio_input.elf  "4_gpio_input.hex"
Finished building: default.size.stdout
 
Finished building: 4_gpio_input.hex
Finished building: 4_gpio_input.list
 
 

15:33:59 Build Finished. 0 errors, 0 warnings. (took 802ms)

