17:31:19 **** Build of configuration Debug for project 7_uart_modular ****
make -j8 all 
arm-none-eabi-gcc -mcpu=cortex-m3 -g3 -DDEBUG -c -x assembler-with-cpp -MMD -MP -MF"Startup/startup_stm32f103c8tx.d" -MT"Startup/startup_stm32f103c8tx.o" --specs=nano.specs -mfloat-abi=soft -mthumb -o "Startup/startup_stm32f103c8tx.o" "../Startup/startup_stm32f103c8tx.s"
arm-none-eabi-gcc "../Src/main.c" -mcpu=cortex-m3 -std=gnu11 -g3 -DDEBUG -DSTM32 -DSTM32F1 -DSTM32F103C8Tx -DSTM32F103xB -c -I../Inc -I"C:/Users/ACER/Documents/GitHub/STM32-BareMetal/chip_headers/CMSIS/Device/ST/STM32F1xx/Include" -I"C:/Users/ACER/Documents/GitHub/STM32-BareMetal/chip_headers/CMSIS/Include" -O0 -ffunction-sections -fdata-sections -Wall -fstack-usage -fcyclomatic-complexity -MMD -MP -MF"Src/main.d" -MT"Src/main.o" --specs=nano.specs -mfloat-abi=soft -mthumb -o "Src/main.o"
arm-none-eabi-gcc "../Src/syscalls.c" -mcpu=cortex-m3 -std=gnu11 -g3 -DDEBUG -DSTM32 -DSTM32F1 -DSTM32F103C8Tx -DSTM32F103xB -c -I../Inc -I"C:/Users/ACER/Documents/GitHub/STM32-BareMetal/chip_headers/CMSIS/Device/ST/STM32F1xx/Include" -I"C:/Users/ACER/Documents/GitHub/STM32-BareMetal/chip_headers/CMSIS/Include" -O0 -ffunction-sections -fdata-sections -Wall -fstack-usage -fcyclomatic-complexity -MMD -MP -MF"Src/syscalls.d" -MT"Src/syscalls.o" --specs=nano.specs -mfloat-abi=soft -mthumb -o "Src/syscalls.o"
arm-none-eabi-gcc "../Src/sysmem.c" -mcpu=cortex-m3 -std=gnu11 -g3 -DDEBUG -DSTM32 -DSTM32F1 -DSTM32F103C8Tx -DSTM32F103xB -c -I../Inc -I"C:/Users/ACER/Documents/GitHub/STM32-BareMetal/chip_headers/CMSIS/Device/ST/STM32F1xx/Include" -I"C:/Users/ACER/Documents/GitHub/STM32-BareMetal/chip_headers/CMSIS/Include" -O0 -ffunction-sections -fdata-sections -Wall -fstack-usage -fcyclomatic-complexity -MMD -MP -MF"Src/sysmem.d" -MT"Src/sysmem.o" --specs=nano.specs -mfloat-abi=soft -mthumb -o "Src/sysmem.o"
arm-none-eabi-gcc "../Src/uart.c" -mcpu=cortex-m3 -std=gnu11 -g3 -DDEBUG -DSTM32 -DSTM32F1 -DSTM32F103C8Tx -DSTM32F103xB -c -I../Inc -I"C:/Users/ACER/Documents/GitHub/STM32-BareMetal/chip_headers/CMSIS/Device/ST/STM32F1xx/Include" -I"C:/Users/ACER/Documents/GitHub/STM32-BareMetal/chip_headers/CMSIS/Include" -O0 -ffunction-sections -fdata-sections -Wall -fstack-usage -fcyclomatic-complexity -MMD -MP -MF"Src/uart.d" -MT"Src/uart.o" --specs=nano.specs -mfloat-abi=soft -mthumb -o "Src/uart.o"
arm-none-eabi-gcc -o "7_uart_modular.elf" @"objects.list"   -mcpu=cortex-m3 -T"C:\Users\ACER\Documents\GitHub\STM32-BareMetal\7_uart_modular\STM32F103C8TX_FLASH.ld" --specs=nosys.specs -Wl,-Map="7_uart_modular.map" -Wl,--gc-sections -static --specs=nano.specs -mfloat-abi=soft -mthumb -Wl,--start-group -lc -lm -Wl,--end-group
Finished building target: 7_uart_modular.elf
 
arm-none-eabi-size  7_uart_modular.elf 
arm-none-eabi-objdump -h -S 7_uart_modular.elf  > "7_uart_modular.list"
   text	   data	    bss	    dec	    hex	filename
   4880	    100	   1900	   6880	   1ae0	7_uart_modular.elf
arm-none-eabi-objcopy  -O ihex 7_uart_modular.elf  "7_uart_modular.hex"
Finished building: default.size.stdout
 
Finished building: 7_uart_modular.hex
Finished building: 7_uart_modular.list
 
 

17:31:20 Build Finished. 0 errors, 0 warnings. (took 978ms)

