09:40:58 **** Incremental Build of configuration Debug for project 9_adc_single_conversion ****
make -j8 all 
arm-none-eabi-gcc "../Src/main.c" -mcpu=cortex-m3 -std=gnu11 -g3 -DDEBUG -DSTM32 -DSTM32F1 -DSTM32F103C8Tx -DSTM32F103xB -c -I../Inc -I"C:/Users/ACER/Documents/GitHub/STM32-BareMetal/chip_headers/CMSIS/Device/ST/STM32F1xx/Include" -I"C:/Users/ACER/Documents/GitHub/STM32-BareMetal/chip_headers/CMSIS/Include" -O0 -ffunction-sections -fdata-sections -Wall -fstack-usage -fcyclomatic-complexity -MMD -MP -MF"Src/main.d" -MT"Src/main.o" --specs=nano.specs -mfloat-abi=soft -mthumb -o "Src/main.o"
arm-none-eabi-gcc -o "9_adc_single_conversion.elf" @"objects.list"   -mcpu=cortex-m3 -T"C:\Users\ACER\Documents\GitHub\STM32-BareMetal\9_adc_single_conversion\STM32F103C8TX_FLASH.ld" --specs=nosys.specs -Wl,-Map="9_adc_single_conversion.map" -Wl,--gc-sections -static --specs=nano.specs -mfloat-abi=soft -mthumb -Wl,--start-group -lc -lm -Wl,--end-group
Finished building target: 9_adc_single_conversion.elf
 
arm-none-eabi-size  9_adc_single_conversion.elf 
arm-none-eabi-objdump -h -S 9_adc_single_conversion.elf  > "9_adc_single_conversion.list"
arm-none-eabi-objcopy  -O ihex 9_adc_single_conversion.elf  "9_adc_single_conversion.hex"
   text	   data	    bss	    dec	    hex	filename
   5156	    100	   1908	   7164	   1bfc	9_adc_single_conversion.elf
Finished building: default.size.stdout
 
Finished building: 9_adc_single_conversion.hex
 
Finished building: 9_adc_single_conversion.list
 

09:41:00 Build Finished. 0 errors, 0 warnings. (took 1s.597ms)

