21:31:45 **** Incremental Build of configuration Debug for project 16_uart_rx_interrupt ****
make -j8 all 
arm-none-eabi-gcc "../Src/main.c" -mcpu=cortex-m3 -std=gnu11 -g3 -DDEBUG -DSTM32 -DSTM32F1 -DSTM32F103C8Tx -DSTM32F103xB -c -I../Inc -I"C:/Users/ACER/Documents/GitHub/STM32-BareMetal/chip_headers/CMSIS/Device/ST/STM32F1xx/Include" -I"C:/Users/ACER/Documents/GitHub/STM32-BareMetal/chip_headers/CMSIS/Include" -O0 -ffunction-sections -fdata-sections -Wall -fstack-usage -fcyclomatic-complexity -MMD -MP -MF"Src/main.d" -MT"Src/main.o" --specs=nano.specs -mfloat-abi=soft -mthumb -o "Src/main.o"
arm-none-eabi-gcc "../Src/uart.c" -mcpu=cortex-m3 -std=gnu11 -g3 -DDEBUG -DSTM32 -DSTM32F1 -DSTM32F103C8Tx -DSTM32F103xB -c -I../Inc -I"C:/Users/ACER/Documents/GitHub/STM32-BareMetal/chip_headers/CMSIS/Device/ST/STM32F1xx/Include" -I"C:/Users/ACER/Documents/GitHub/STM32-BareMetal/chip_headers/CMSIS/Include" -O0 -ffunction-sections -fdata-sections -Wall -fstack-usage -fcyclomatic-complexity -MMD -MP -MF"Src/uart.d" -MT"Src/uart.o" --specs=nano.specs -mfloat-abi=soft -mthumb -o "Src/uart.o"
arm-none-eabi-gcc -o "16_uart_rx_interrupt.elf" @"objects.list"   -mcpu=cortex-m3 -T"C:\Users\ACER\Documents\GitHub\STM32-BareMetal\16_uart_rx_interrupt\STM32F103C8TX_FLASH.ld" --specs=nosys.specs -Wl,-Map="16_uart_rx_interrupt.map" -Wl,--gc-sections -static --specs=nano.specs -mfloat-abi=soft -mthumb -Wl,--start-group -lc -lm -Wl,--end-group
Finished building target: 16_uart_rx_interrupt.elf
 
arm-none-eabi-size  16_uart_rx_interrupt.elf 
arm-none-eabi-objdump -h -S 16_uart_rx_interrupt.elf  > "16_uart_rx_interrupt.list"
arm-none-eabi-objcopy  -O ihex 16_uart_rx_interrupt.elf  "16_uart_rx_interrupt.hex"
   text	   data	    bss	    dec	    hex	filename
   1072	      8	   1568	   2648	    a58	16_uart_rx_interrupt.elf
Finished building: default.size.stdout
 
Finished building: 16_uart_rx_interrupt.list
Finished building: 16_uart_rx_interrupt.hex
 
 
